---
source: crates/sas_lexer/src/lexer/tests/test_sample_files.rs
expression: tokens
---
- "[@0,0:79=\"******************************************************************************;\",<PredictedCommentStat>,L1:C0-L1:C79,chl=<C>,pl=\"<None>\"]"
- "[@1,79:80=\"\\n\",<WS>,L1:C79-L1:C80,chl=<H>,pl=\"<None>\"]"
- "[@2,80:159=\"* Copyright (c) 2015 by SAS Institute Inc., Cary, NC 27513 USA               *;\",<PredictedCommentStat>,L2:C0-L2:C79,chl=<C>,pl=\"<None>\"]"
- "[@3,159:160=\"\\n\",<WS>,L2:C79-L2:C80,chl=<H>,pl=\"<None>\"]"
- "[@4,160:239=\"*                                                                            *;\",<PredictedCommentStat>,L3:C0-L3:C79,chl=<C>,pl=\"<None>\"]"
- "[@5,239:240=\"\\n\",<WS>,L3:C79-L3:C80,chl=<H>,pl=\"<None>\"]"
- "[@6,240:305=\"* Licensed under the Apache License, Version 2.0 (the \\\"License\\\");\",<PredictedCommentStat>,L4:C0-L4:C65,chl=<C>,pl=\"<None>\"]"
- "[@7,305:317=\"            \",<WS>,L4:C65-L4:C77,chl=<H>,pl=\"<None>\"]"
- "[@8,317:319=\"*;\",<PredictedCommentStat>,L4:C77-L4:C79,chl=<C>,pl=\"<None>\"]"
- "[@9,319:320=\"\\n\",<WS>,L4:C79-L4:C80,chl=<H>,pl=\"<None>\"]"
- "[@10,320:399=\"* you may not use this file except in compliance with the License.           *;\",<PredictedCommentStat>,L5:C0-L5:C79,chl=<C>,pl=\"<None>\"]"
- "[@11,399:400=\"\\n\",<WS>,L5:C79-L5:C80,chl=<H>,pl=\"<None>\"]"
- "[@12,400:479=\"* You may obtain a copy of the License at                                    *;\",<PredictedCommentStat>,L6:C0-L6:C79,chl=<C>,pl=\"<None>\"]"
- "[@13,479:480=\"\\n\",<WS>,L6:C79-L6:C80,chl=<H>,pl=\"<None>\"]"
- "[@14,480:559=\"*                                                                            *;\",<PredictedCommentStat>,L7:C0-L7:C79,chl=<C>,pl=\"<None>\"]"
- "[@15,559:560=\"\\n\",<WS>,L7:C79-L7:C80,chl=<H>,pl=\"<None>\"]"
- "[@16,560:639=\"*   http://www.apache.org/licenses/LICENSE-2.0                               *;\",<PredictedCommentStat>,L8:C0-L8:C79,chl=<C>,pl=\"<None>\"]"
- "[@17,639:640=\"\\n\",<WS>,L8:C79-L8:C80,chl=<H>,pl=\"<None>\"]"
- "[@18,640:719=\"*                                                                            *;\",<PredictedCommentStat>,L9:C0-L9:C79,chl=<C>,pl=\"<None>\"]"
- "[@19,719:720=\"\\n\",<WS>,L9:C79-L9:C80,chl=<H>,pl=\"<None>\"]"
- "[@20,720:799=\"* Unless required by applicable law or agreed to in writing, software        *;\",<PredictedCommentStat>,L10:C0-L10:C79,chl=<C>,pl=\"<None>\"]"
- "[@21,799:800=\"\\n\",<WS>,L10:C79-L10:C80,chl=<H>,pl=\"<None>\"]"
- "[@22,800:879=\"* distributed under the License is distributed on an \\\"AS IS\\\" BASIS,          *;\",<PredictedCommentStat>,L11:C0-L11:C79,chl=<C>,pl=\"<None>\"]"
- "[@23,879:880=\"\\n\",<WS>,L11:C79-L11:C80,chl=<H>,pl=\"<None>\"]"
- "[@24,880:959=\"* WITHOUT WARRANTIES OR CONDITIONS OF ANY KIND, either express or implied.   *;\",<PredictedCommentStat>,L12:C0-L12:C79,chl=<C>,pl=\"<None>\"]"
- "[@25,959:960=\"\\n\",<WS>,L12:C79-L12:C80,chl=<H>,pl=\"<None>\"]"
- "[@26,960:1039=\"* See the License for the specific language governing permissions and        *;\",<PredictedCommentStat>,L13:C0-L13:C79,chl=<C>,pl=\"<None>\"]"
- "[@27,1039:1040=\"\\n\",<WS>,L13:C79-L13:C80,chl=<H>,pl=\"<None>\"]"
- "[@28,1040:1119=\"* limitations under the License.                                             *;\",<PredictedCommentStat>,L14:C0-L14:C79,chl=<C>,pl=\"<None>\"]"
- "[@29,1119:1120=\"\\n\",<WS>,L14:C79-L14:C80,chl=<H>,pl=\"<None>\"]"
- "[@30,1120:1199=\"******************************************************************************;\",<PredictedCommentStat>,L15:C0-L15:C79,chl=<C>,pl=\"<None>\"]"
- "[@31,1199:1201=\"\\n\\n\",<WS>,L15:C79-L16:C1,chl=<H>,pl=\"<None>\"]"
- "[@32,1201:1280=\"******************************************************************************;\",<PredictedCommentStat>,L17:C0-L17:C79,chl=<C>,pl=\"<None>\"]"
- "[@33,1280:1281=\"\\n\",<WS>,L17:C79-L17:C80,chl=<H>,pl=\"<None>\"]"
- "[@34,1281:1360=\"* simple random projections example:                                         *;\",<PredictedCommentStat>,L18:C0-L18:C79,chl=<C>,pl=\"<None>\"]"
- "[@35,1360:1361=\"\\n\",<WS>,L18:C79-L18:C80,chl=<H>,pl=\"<None>\"]"
- "[@36,1361:1440=\"* determine conservative number of random vectors to generate                *;\",<PredictedCommentStat>,L19:C0-L19:C79,chl=<C>,pl=\"<None>\"]"
- "[@37,1440:1441=\"\\n\",<WS>,L19:C79-L19:C80,chl=<H>,pl=\"<None>\"]"
- "[@38,1441:1520=\"* generate random uniform i.i.d. vectors                                     *;\",<PredictedCommentStat>,L20:C0-L20:C79,chl=<C>,pl=\"<None>\"]"
- "[@39,1520:1521=\"\\n\",<WS>,L20:C79-L20:C80,chl=<H>,pl=\"<None>\"]"
- "[@40,1521:1600=\"* execute original_features*transpose(random_generated_vectors) dot product  *;\",<PredictedCommentStat>,L21:C0-L21:C79,chl=<C>,pl=\"<None>\"]"
- "[@41,1600:1601=\"\\n\",<WS>,L21:C79-L21:C80,chl=<H>,pl=\"<None>\"]"
- "[@42,1601:1680=\"*    to complete projection                                                  *;\",<PredictedCommentStat>,L22:C0-L22:C79,chl=<C>,pl=\"<None>\"]"
- "[@43,1680:1681=\"\\n\",<WS>,L22:C79-L22:C80,chl=<H>,pl=\"<None>\"]"
- "[@44,1681:1760=\"******************************************************************************;\",<PredictedCommentStat>,L23:C0-L23:C79,chl=<C>,pl=\"<None>\"]"
- "[@45,1760:1762=\"\\n\\n\",<WS>,L23:C79-L24:C1,chl=<H>,pl=\"<None>\"]"
- "[@46,1762:1786=\"* set working directory;\",<PredictedCommentStat>,L25:C0-L25:C24,chl=<C>,pl=\"<None>\"]"
- "[@47,1786:1787=\"\\n\",<WS>,L25:C24-L25:C25,chl=<H>,pl=\"<None>\"]"
- "[@48,1787:1791=\"%let\",<KwmLet>,L26:C0-L26:C4,chl=<D>,pl=\"<None>\"]"
- "[@49,1791:1792=\" \",<WS>,L26:C4-L26:C5,chl=<H>,pl=\"<None>\"]"
- "[@50,1792:1804=\"git_repo_dir\",<MacroString>,L26:C5-L26:C17,chl=<D>,pl=\"<None>\"]"
- "[@51,1804:1805=\" \",<WS>,L26:C17-L26:C18,chl=<H>,pl=\"<None>\"]"
- "[@52,1805:1806=\"=\",<ASSIGN>,L26:C18-L26:C19,chl=<D>,pl=\"<None>\"]"
- "[@53,1806:1807=\" \",<WS>,L26:C19-L26:C20,chl=<H>,pl=\"<None>\"]"
- "[@54,1807:1808=\";\",<SEMI>,L26:C20-L26:C21,chl=<D>,pl=\"<None>\"]"
- "[@55,1808:1809=\"\\n\",<WS>,L26:C21-L26:C22,chl=<H>,pl=\"<None>\"]"
- "[@56,1809:1816=\"libname\",<KwLibname>,L27:C0-L27:C7,chl=<D>,pl=\"<None>\"]"
- "[@57,1816:1817=\" \",<WS>,L27:C7-L27:C8,chl=<H>,pl=\"<None>\"]"
- "[@58,1817:1818=\"l\",<Identifier>,L27:C8-L27:C9,chl=<D>,pl=\"<None>\"]"
- "[@59,1818:1819=\" \",<WS>,L27:C9-L27:C10,chl=<H>,pl=\"<None>\"]"
- "[@60,1819:1820=\"\\\"\",<StringExprStart>,L27:C10-L27:C11,chl=<D>,pl=\"<None>\"]"
- "[@61,1820:1833=\"&git_repo_dir\",<MacroVarExpr>,L27:C11-L27:C24,chl=<D>,pl=\"<None>\"]"
- "[@62,1833:1834=\"\\\"\",<StringExprEnd>,L27:C24-L27:C25,chl=<D>,pl=\"<None>\"]"
- "[@63,1834:1835=\";\",<SEMI>,L27:C25-L27:C26,chl=<D>,pl=\"<None>\"]"
- "[@64,1835:1837=\"\\n\\n\",<WS>,L27:C26-L28:C1,chl=<H>,pl=\"<None>\"]"
- "[@65,1837:1900=\"* conservatively determine the number of needed random vectors;\",<PredictedCommentStat>,L29:C0-L29:C63,chl=<C>,pl=\"<None>\"]"
- "[@66,1900:1901=\"\\n\",<WS>,L29:C63-L29:C64,chl=<H>,pl=\"<None>\"]"
- "[@67,1901:1976=\"* choose epsilon, distance distortion introduced by a random projection is;\",<PredictedCommentStat>,L30:C0-L30:C75,chl=<C>,pl=\"<None>\"]"
- "[@68,1976:1977=\"\\n\",<WS>,L30:C75-L30:C76,chl=<H>,pl=\"<None>\"]"
- "[@69,1977:2004=\"* factor of (1 +- epsilon);\",<PredictedCommentStat>,L31:C0-L31:C27,chl=<C>,pl=\"<None>\"]"
- "[@70,2004:2005=\"\\n\",<WS>,L31:C27-L31:C28,chl=<H>,pl=\"<None>\"]"
- "[@71,2005:2009=\"%let\",<KwmLet>,L32:C0-L32:C4,chl=<D>,pl=\"<None>\"]"
- "[@72,2009:2010=\" \",<WS>,L32:C4-L32:C5,chl=<H>,pl=\"<None>\"]"
- "[@73,2010:2017=\"epsilon\",<MacroString>,L32:C5-L32:C12,chl=<D>,pl=\"<None>\"]"
- "[@74,2017:2018=\" \",<WS>,L32:C12-L32:C13,chl=<H>,pl=\"<None>\"]"
- "[@75,2018:2019=\"=\",<ASSIGN>,L32:C13-L32:C14,chl=<D>,pl=\"<None>\"]"
- "[@76,2019:2020=\" \",<WS>,L32:C14-L32:C15,chl=<H>,pl=\"<None>\"]"
- "[@77,2020:2023=\"0.1\",<MacroString>,L32:C15-L32:C18,chl=<D>,pl=\"<None>\"]"
- "[@78,2023:2024=\";\",<SEMI>,L32:C18-L32:C19,chl=<D>,pl=\"<None>\"]"
- "[@79,2024:2025=\"\\n\",<WS>,L32:C19-L32:C20,chl=<H>,pl=\"<None>\"]"
- "[@80,2025:2031=\"%macro\",<KwmMacro>,L33:C0-L33:C6,chl=<D>,pl=\"<None>\"]"
- "[@81,2031:2032=\" \",<WS>,L33:C6-L33:C7,chl=<H>,pl=\"<None>\"]"
- "[@82,2032:2052=\"determine_n_features\",<Identifier>,L33:C7-L33:C27,chl=<D>,pl=\"<None>\"]"
- "[@83,2052:2053=\"(\",<LPAREN>,L33:C27-L33:C28,chl=<D>,pl=\"<None>\"]"
- "[@84,2053:2055=\"ds\",<Identifier>,L33:C28-L33:C30,chl=<D>,pl=\"<None>\"]"
- "[@85,2055:2056=\",\",<COMMA>,L33:C30-L33:C31,chl=<D>,pl=\"<None>\"]"
- "[@86,2056:2057=\" \",<WS>,L33:C31-L33:C32,chl=<H>,pl=\"<None>\"]"
- "[@87,2057:2064=\"epsilon\",<Identifier>,L33:C32-L33:C39,chl=<D>,pl=\"<None>\"]"
- "[@88,2064:2065=\")\",<RPAREN>,L33:C39-L33:C40,chl=<D>,pl=\"<None>\"]"
- "[@89,2065:2066=\";\",<SEMI>,L33:C40-L33:C41,chl=<D>,pl=\"<None>\"]"
- "[@90,2066:2069=\"\\n\\n\\t\",<WS>,L33:C41-L35:C1,chl=<H>,pl=\"<None>\"]"
- "[@91,2069:2076=\"%global\",<KwmGlobal>,L35:C1-L35:C8,chl=<D>,pl=\"<None>\"]"
- "[@92,2076:2077=\" \",<WS>,L35:C8-L35:C9,chl=<H>,pl=\"<None>\"]"
- "[@93,2077:2087=\"n_features\",<MacroString>,L35:C9-L35:C19,chl=<D>,pl=\"<None>\"]"
- "[@94,2087:2088=\";\",<SEMI>,L35:C19-L35:C20,chl=<D>,pl=\"<None>\"]"
- "[@95,2088:2091=\"\\n\\n\\t\",<WS>,L35:C20-L37:C1,chl=<H>,pl=\"<None>\"]"
- "[@96,2091:2095=\"%let\",<KwmLet>,L37:C1-L37:C5,chl=<D>,pl=\"<None>\"]"
- "[@97,2095:2096=\" \",<WS>,L37:C5-L37:C6,chl=<H>,pl=\"<None>\"]"
- "[@98,2096:2100=\"dsid\",<MacroString>,L37:C6-L37:C10,chl=<D>,pl=\"<None>\"]"
- "[@99,2100:2101=\" \",<WS>,L37:C10-L37:C11,chl=<H>,pl=\"<None>\"]"
- "[@100,2101:2102=\"=\",<ASSIGN>,L37:C11-L37:C12,chl=<D>,pl=\"<None>\"]"
- "[@101,2102:2103=\" \",<WS>,L37:C12-L37:C13,chl=<H>,pl=\"<None>\"]"
- "[@102,2103:2111=\"%sysfunc\",<KwmSysfunc>,L37:C13-L37:C21,chl=<D>,pl=\"<None>\"]"
- "[@103,2111:2112=\"(\",<LPAREN>,L37:C21-L37:C22,chl=<D>,pl=\"<None>\"]"
- "[@104,2112:2116=\"open\",<MacroString>,L37:C22-L37:C26,chl=<D>,pl=\"<None>\"]"
- "[@105,2116:2117=\"(\",<LPAREN>,L37:C26-L37:C27,chl=<D>,pl=\"<None>\"]"
- "[@106,2117:2120=\"&ds\",<MacroVarExpr>,L37:C27-L37:C30,chl=<D>,pl=\"<None>\"]"
- "[@107,2120:2121=\")\",<RPAREN>,L37:C30-L37:C31,chl=<D>,pl=\"<None>\"]"
- "[@108,2121:2122=\")\",<RPAREN>,L37:C31-L37:C32,chl=<D>,pl=\"<None>\"]"
- "[@109,2122:2123=\";\",<SEMI>,L37:C32-L37:C33,chl=<D>,pl=\"<None>\"]"
- "[@110,2123:2125=\"\\n\\t\",<WS>,L37:C33-L38:C1,chl=<H>,pl=\"<None>\"]"
- "[@111,2125:2129=\"%let\",<KwmLet>,L38:C1-L38:C5,chl=<D>,pl=\"<None>\"]"
- "[@112,2129:2130=\" \",<WS>,L38:C5-L38:C6,chl=<H>,pl=\"<None>\"]"
- "[@113,2130:2134=\"nobs\",<MacroString>,L38:C6-L38:C10,chl=<D>,pl=\"<None>\"]"
- "[@114,2134:2135=\" \",<WS>,L38:C10-L38:C11,chl=<H>,pl=\"<None>\"]"
- "[@115,2135:2136=\"=\",<ASSIGN>,L38:C11-L38:C12,chl=<D>,pl=\"<None>\"]"
- "[@116,2136:2137=\" \",<WS>,L38:C12-L38:C13,chl=<H>,pl=\"<None>\"]"
- "[@117,2137:2145=\"%sysfunc\",<KwmSysfunc>,L38:C13-L38:C21,chl=<D>,pl=\"<None>\"]"
- "[@118,2145:2146=\"(\",<LPAREN>,L38:C21-L38:C22,chl=<D>,pl=\"<None>\"]"
- "[@119,2146:2151=\"attrn\",<MacroString>,L38:C22-L38:C27,chl=<D>,pl=\"<None>\"]"
- "[@120,2151:2152=\"(\",<LPAREN>,L38:C27-L38:C28,chl=<D>,pl=\"<None>\"]"
- "[@121,2152:2157=\"&dsid\",<MacroVarExpr>,L38:C28-L38:C33,chl=<D>,pl=\"<None>\"]"
- "[@122,2157:2158=\",\",<COMMA>,L38:C33-L38:C34,chl=<D>,pl=\"<None>\"]"
- "[@123,2158:2159=\" \",<WS>,L38:C34-L38:C35,chl=<H>,pl=\"<None>\"]"
- "[@124,2159:2164=\"NLOBS\",<MacroString>,L38:C35-L38:C40,chl=<D>,pl=\"<None>\"]"
- "[@125,2164:2165=\")\",<RPAREN>,L38:C40-L38:C41,chl=<D>,pl=\"<None>\"]"
- "[@126,2165:2166=\")\",<RPAREN>,L38:C41-L38:C42,chl=<D>,pl=\"<None>\"]"
- "[@127,2166:2167=\";\",<SEMI>,L38:C42-L38:C43,chl=<D>,pl=\"<None>\"]"
- "[@128,2167:2169=\"\\n\\t\",<WS>,L38:C43-L39:C1,chl=<H>,pl=\"<None>\"]"
- "[@129,2169:2173=\"%let\",<KwmLet>,L39:C1-L39:C5,chl=<D>,pl=\"<None>\"]"
- "[@130,2173:2174=\" \",<WS>,L39:C5-L39:C6,chl=<H>,pl=\"<None>\"]"
- "[@131,2174:2177=\"_rc\",<MacroString>,L39:C6-L39:C9,chl=<D>,pl=\"<None>\"]"
- "[@132,2177:2178=\" \",<WS>,L39:C9-L39:C10,chl=<H>,pl=\"<None>\"]"
- "[@133,2178:2179=\"=\",<ASSIGN>,L39:C10-L39:C11,chl=<D>,pl=\"<None>\"]"
- "[@134,2179:2180=\" \",<WS>,L39:C11-L39:C12,chl=<H>,pl=\"<None>\"]"
- "[@135,2180:2188=\"%sysfunc\",<KwmSysfunc>,L39:C12-L39:C20,chl=<D>,pl=\"<None>\"]"
- "[@136,2188:2189=\"(\",<LPAREN>,L39:C20-L39:C21,chl=<D>,pl=\"<None>\"]"
- "[@137,2189:2194=\"close\",<MacroString>,L39:C21-L39:C26,chl=<D>,pl=\"<None>\"]"
- "[@138,2194:2195=\"(\",<LPAREN>,L39:C26-L39:C27,chl=<D>,pl=\"<None>\"]"
- "[@139,2195:2200=\"&dsid\",<MacroVarExpr>,L39:C27-L39:C32,chl=<D>,pl=\"<None>\"]"
- "[@140,2200:2201=\")\",<RPAREN>,L39:C32-L39:C33,chl=<D>,pl=\"<None>\"]"
- "[@141,2201:2202=\")\",<RPAREN>,L39:C33-L39:C34,chl=<D>,pl=\"<None>\"]"
- "[@142,2202:2203=\";\",<SEMI>,L39:C34-L39:C35,chl=<D>,pl=\"<None>\"]"
- "[@143,2203:2206=\"\\n\\n\\t\",<WS>,L39:C35-L41:C1,chl=<H>,pl=\"<None>\"]"
- "[@144,2206:2210=\"data\",<KwData>,L41:C1-L41:C5,chl=<D>,pl=\"<None>\"]"
- "[@145,2210:2211=\" \",<WS>,L41:C5-L41:C6,chl=<H>,pl=\"<None>\"]"
- "[@146,2211:2217=\"_null_\",<KwNullDataset>,L41:C6-L41:C12,chl=<D>,pl=\"<None>\"]"
- "[@147,2217:2218=\";\",<SEMI>,L41:C12-L41:C13,chl=<D>,pl=\"<None>\"]"
- "[@148,2218:2221=\"\\n\\t\\t\",<WS>,L41:C13-L42:C2,chl=<H>,pl=\"<None>\"]"
- "[@149,2221:2231=\"n_features\",<Identifier>,L42:C2-L42:C12,chl=<D>,pl=\"<None>\"]"
- "[@150,2231:2232=\" \",<WS>,L42:C12-L42:C13,chl=<H>,pl=\"<None>\"]"
- "[@151,2232:2233=\"=\",<ASSIGN>,L42:C13-L42:C14,chl=<D>,pl=\"<None>\"]"
- "[@152,2233:2234=\" \",<WS>,L42:C14-L42:C15,chl=<H>,pl=\"<None>\"]"
- "[@153,2234:2235=\"4\",<IntegerLiteral>,L42:C15-L42:C16,chl=<D>,pl=\"4\"]"
- "[@154,2235:2236=\"*\",<STAR>,L42:C16-L42:C17,chl=<D>,pl=\"<None>\"]"
- "[@155,2236:2239=\"log\",<Identifier>,L42:C17-L42:C20,chl=<D>,pl=\"<None>\"]"
- "[@156,2239:2240=\"(\",<LPAREN>,L42:C20-L42:C21,chl=<D>,pl=\"<None>\"]"
- "[@157,2240:2245=\"&nobs\",<MacroVarExpr>,L42:C21-L42:C26,chl=<D>,pl=\"<None>\"]"
- "[@158,2245:2246=\")\",<RPAREN>,L42:C26-L42:C27,chl=<D>,pl=\"<None>\"]"
- "[@159,2246:2247=\"/\",<FSLASH>,L42:C27-L42:C28,chl=<D>,pl=\"<None>\"]"
- "[@160,2247:2248=\"(\",<LPAREN>,L42:C28-L42:C29,chl=<D>,pl=\"<None>\"]"
- "[@161,2248:2249=\"(\",<LPAREN>,L42:C29-L42:C30,chl=<D>,pl=\"<None>\"]"
- "[@162,2249:2250=\"(\",<LPAREN>,L42:C30-L42:C31,chl=<D>,pl=\"<None>\"]"
- "[@163,2250:2258=\"&epsilon\",<MacroVarExpr>,L42:C31-L42:C39,chl=<D>,pl=\"<None>\"]"
- "[@164,2258:2260=\"**\",<STAR2>,L42:C39-L42:C41,chl=<D>,pl=\"<None>\"]"
- "[@165,2260:2261=\"2\",<IntegerLiteral>,L42:C41-L42:C42,chl=<D>,pl=\"2\"]"
- "[@166,2261:2262=\")\",<RPAREN>,L42:C42-L42:C43,chl=<D>,pl=\"<None>\"]"
- "[@167,2262:2263=\"/\",<FSLASH>,L42:C43-L42:C44,chl=<D>,pl=\"<None>\"]"
- "[@168,2263:2264=\"2\",<IntegerLiteral>,L42:C44-L42:C45,chl=<D>,pl=\"2\"]"
- "[@169,2264:2265=\")\",<RPAREN>,L42:C45-L42:C46,chl=<D>,pl=\"<None>\"]"
- "[@170,2265:2269=\"\\n\\t\\t\\t\",<WS>,L42:C46-L43:C3,chl=<H>,pl=\"<None>\"]"
- "[@171,2269:2270=\"-\",<MINUS>,L43:C3-L43:C4,chl=<D>,pl=\"<None>\"]"
- "[@172,2270:2271=\" \",<WS>,L43:C4-L43:C5,chl=<H>,pl=\"<None>\"]"
- "[@173,2271:2272=\"(\",<LPAREN>,L43:C5-L43:C6,chl=<D>,pl=\"<None>\"]"
- "[@174,2272:2273=\"(\",<LPAREN>,L43:C6-L43:C7,chl=<D>,pl=\"<None>\"]"
- "[@175,2273:2281=\"&epsilon\",<MacroVarExpr>,L43:C7-L43:C15,chl=<D>,pl=\"<None>\"]"
- "[@176,2281:2283=\"**\",<STAR2>,L43:C15-L43:C17,chl=<D>,pl=\"<None>\"]"
- "[@177,2283:2284=\"3\",<IntegerLiteral>,L43:C17-L43:C18,chl=<D>,pl=\"3\"]"
- "[@178,2284:2285=\")\",<RPAREN>,L43:C18-L43:C19,chl=<D>,pl=\"<None>\"]"
- "[@179,2285:2286=\"/\",<FSLASH>,L43:C19-L43:C20,chl=<D>,pl=\"<None>\"]"
- "[@180,2286:2287=\"3\",<IntegerLiteral>,L43:C20-L43:C21,chl=<D>,pl=\"3\"]"
- "[@181,2287:2288=\")\",<RPAREN>,L43:C21-L43:C22,chl=<D>,pl=\"<None>\"]"
- "[@182,2288:2289=\")\",<RPAREN>,L43:C22-L43:C23,chl=<D>,pl=\"<None>\"]"
- "[@183,2289:2290=\";\",<SEMI>,L43:C23-L43:C24,chl=<D>,pl=\"<None>\"]"
- "[@184,2290:2293=\"\\n\\t\\t\",<WS>,L43:C24-L44:C2,chl=<H>,pl=\"<None>\"]"
- "[@185,2293:2297=\"call\",<KwCall>,L44:C2-L44:C6,chl=<D>,pl=\"<None>\"]"
- "[@186,2297:2298=\" \",<WS>,L44:C6-L44:C7,chl=<H>,pl=\"<None>\"]"
- "[@187,2298:2304=\"symput\",<Identifier>,L44:C7-L44:C13,chl=<D>,pl=\"<None>\"]"
- "[@188,2304:2305=\"(\",<LPAREN>,L44:C13-L44:C14,chl=<D>,pl=\"<None>\"]"
- "[@189,2305:2317=\"'n_features'\",<StringLiteral>,L44:C14-L44:C26,chl=<D>,pl=\"<None>\"]"
- "[@190,2317:2318=\",\",<COMMA>,L44:C26-L44:C27,chl=<D>,pl=\"<None>\"]"
- "[@191,2318:2319=\" \",<WS>,L44:C27-L44:C28,chl=<H>,pl=\"<None>\"]"
- "[@192,2319:2324=\"strip\",<Identifier>,L44:C28-L44:C33,chl=<D>,pl=\"<None>\"]"
- "[@193,2324:2325=\"(\",<LPAREN>,L44:C33-L44:C34,chl=<D>,pl=\"<None>\"]"
- "[@194,2325:2328=\"put\",<KwPut>,L44:C34-L44:C37,chl=<D>,pl=\"<None>\"]"
- "[@195,2328:2329=\"(\",<LPAREN>,L44:C37-L44:C38,chl=<D>,pl=\"<None>\"]"
- "[@196,2329:2333=\"ceil\",<Identifier>,L44:C38-L44:C42,chl=<D>,pl=\"<None>\"]"
- "[@197,2333:2334=\"(\",<LPAREN>,L44:C42-L44:C43,chl=<D>,pl=\"<None>\"]"
- "[@198,2334:2344=\"n_features\",<Identifier>,L44:C43-L44:C53,chl=<D>,pl=\"<None>\"]"
- "[@199,2344:2345=\")\",<RPAREN>,L44:C53-L44:C54,chl=<D>,pl=\"<None>\"]"
- "[@200,2345:2346=\",\",<COMMA>,L44:C54-L44:C55,chl=<D>,pl=\"<None>\"]"
- "[@201,2346:2347=\" \",<WS>,L44:C55-L44:C56,chl=<H>,pl=\"<None>\"]"
- "[@202,2347:2351=\"best\",<Identifier>,L44:C56-L44:C60,chl=<D>,pl=\"<None>\"]"
- "[@203,2351:2352=\".\",<DOT>,L44:C60-L44:C61,chl=<D>,pl=\"<None>\"]"
- "[@204,2352:2353=\")\",<RPAREN>,L44:C61-L44:C62,chl=<D>,pl=\"<None>\"]"
- "[@205,2353:2354=\")\",<RPAREN>,L44:C62-L44:C63,chl=<D>,pl=\"<None>\"]"
- "[@206,2354:2355=\")\",<RPAREN>,L44:C63-L44:C64,chl=<D>,pl=\"<None>\"]"
- "[@207,2355:2356=\";\",<SEMI>,L44:C64-L44:C65,chl=<D>,pl=\"<None>\"]"
- "[@208,2356:2358=\"\\n\\t\",<WS>,L44:C65-L45:C1,chl=<H>,pl=\"<None>\"]"
- "[@209,2358:2361=\"run\",<KwRun>,L45:C1-L45:C4,chl=<D>,pl=\"<None>\"]"
- "[@210,2361:2362=\";\",<SEMI>,L45:C4-L45:C5,chl=<D>,pl=\"<None>\"]"
- "[@211,2362:2365=\"\\n\\n\\t\",<WS>,L45:C5-L47:C1,chl=<H>,pl=\"<None>\"]"
- "[@212,2365:2369=\"%put\",<KwmPut>,L47:C1-L47:C5,chl=<D>,pl=\"<None>\"]"
- "[@213,2369:2370=\" \",<WS>,L47:C5-L47:C6,chl=<H>,pl=\"<None>\"]"
- "[@214,2370:2381=\"n_features=\",<MacroString>,L47:C6-L47:C17,chl=<D>,pl=\"<None>\"]"
- "[@215,2381:2393=\"&n_features.\",<MacroVarExpr>,L47:C17-L47:C29,chl=<D>,pl=\"<None>\"]"
- "[@216,2393:2394=\";\",<SEMI>,L47:C29-L47:C30,chl=<D>,pl=\"<None>\"]"
- "[@217,2394:2396=\"\\n\\n\",<WS>,L47:C30-L48:C1,chl=<H>,pl=\"<None>\"]"
- "[@218,2396:2401=\"%mend\",<KwmMend>,L49:C0-L49:C5,chl=<D>,pl=\"<None>\"]"
- "[@219,2401:2402=\";\",<SEMI>,L49:C5-L49:C6,chl=<D>,pl=\"<None>\"]"
- "[@220,2402:2404=\" \\n\",<WS>,L49:C6-L49:C8,chl=<H>,pl=\"<None>\"]"
- "[@221,2404:2425=\"%determine_n_features\",<MacroIdentifier>,L50:C0-L50:C21,chl=<D>,pl=\"<None>\"]"
- "[@222,2425:2426=\"(\",<LPAREN>,L50:C21-L50:C22,chl=<D>,pl=\"<None>\"]"
- "[@223,2426:2445=\"l.original_features\",<MacroString>,L50:C22-L50:C41,chl=<D>,pl=\"<None>\"]"
- "[@224,2445:2446=\",\",<COMMA>,L50:C41-L50:C42,chl=<D>,pl=\"<None>\"]"
- "[@225,2446:2447=\" \",<WS>,L50:C42-L50:C43,chl=<H>,pl=\"<None>\"]"
- "[@226,2447:2455=\"&epsilon\",<MacroVarExpr>,L50:C43-L50:C51,chl=<D>,pl=\"<None>\"]"
- "[@227,2455:2456=\")\",<RPAREN>,L50:C51-L50:C52,chl=<D>,pl=\"<None>\"]"
- "[@228,2456:2457=\";\",<SEMI>,L50:C52-L50:C53,chl=<D>,pl=\"<None>\"]"
- "[@229,2457:2459=\"\\n\\n\",<WS>,L50:C53-L51:C1,chl=<H>,pl=\"<None>\"]"
- "[@230,2459:2515=\"* create Gaussian i.i.d. random features with data step;\",<PredictedCommentStat>,L52:C0-L52:C56,chl=<C>,pl=\"<None>\"]"
- "[@231,2515:2516=\"\\n\",<WS>,L52:C56-L52:C57,chl=<H>,pl=\"<None>\"]"
- "[@232,2516:2522=\"%macro\",<KwmMacro>,L53:C0-L53:C6,chl=<D>,pl=\"<None>\"]"
- "[@233,2522:2523=\" \",<WS>,L53:C6-L53:C7,chl=<H>,pl=\"<None>\"]"
- "[@234,2523:2544=\"create_random_vectors\",<Identifier>,L53:C7-L53:C28,chl=<D>,pl=\"<None>\"]"
- "[@235,2544:2545=\"(\",<LPAREN>,L53:C28-L53:C29,chl=<D>,pl=\"<None>\"]"
- "[@236,2545:2547=\"ds\",<Identifier>,L53:C29-L53:C31,chl=<D>,pl=\"<None>\"]"
- "[@237,2547:2548=\",\",<COMMA>,L53:C31-L53:C32,chl=<D>,pl=\"<None>\"]"
- "[@238,2548:2549=\" \",<WS>,L53:C32-L53:C33,chl=<H>,pl=\"<None>\"]"
- "[@239,2549:2550=\"k\",<Identifier>,L53:C33-L53:C34,chl=<D>,pl=\"<None>\"]"
- "[@240,2550:2551=\",\",<COMMA>,L53:C34-L53:C35,chl=<D>,pl=\"<None>\"]"
- "[@241,2551:2552=\" \",<WS>,L53:C35-L53:C36,chl=<H>,pl=\"<None>\"]"
- "[@242,2552:2555=\"out\",<Identifier>,L53:C36-L53:C39,chl=<D>,pl=\"<None>\"]"
- "[@243,2555:2556=\"=\",<ASSIGN>,L53:C39-L53:C40,chl=<D>,pl=\"<None>\"]"
- "[@244,2556:2580=\"random_generated_vectors\",<MacroString>,L53:C40-L53:C64,chl=<D>,pl=\"<None>\"]"
- "[@245,2580:2581=\",\",<COMMA>,L53:C64-L53:C65,chl=<D>,pl=\"<None>\"]"
- "[@246,2581:2582=\" \",<WS>,L53:C65-L53:C66,chl=<H>,pl=\"<None>\"]"
- "[@247,2582:2586=\"seed\",<Identifier>,L53:C66-L53:C70,chl=<D>,pl=\"<None>\"]"
- "[@248,2586:2587=\"=\",<ASSIGN>,L53:C70-L53:C71,chl=<D>,pl=\"<None>\"]"
- "[@249,2587:2592=\"12345\",<MacroString>,L53:C71-L53:C76,chl=<D>,pl=\"<None>\"]"
- "[@250,2592:2593=\")\",<RPAREN>,L53:C76-L53:C77,chl=<D>,pl=\"<None>\"]"
- "[@251,2593:2594=\";\",<SEMI>,L53:C77-L53:C78,chl=<D>,pl=\"<None>\"]"
- "[@252,2594:2597=\"\\n\\n\\t\",<WS>,L53:C78-L55:C1,chl=<H>,pl=\"<None>\"]"
- "[@253,2597:2656=\"* create a macro array of input names in the training data;\",<PredictedCommentStat>,L55:C1-L55:C60,chl=<C>,pl=\"<None>\"]"
- "[@254,2656:2658=\"\\n\\t\",<WS>,L55:C60-L56:C1,chl=<H>,pl=\"<None>\"]"
- "[@255,2658:2691=\"* necessary for using PROC SCORE;\",<PredictedCommentStat>,L56:C1-L56:C34,chl=<C>,pl=\"<None>\"]"
- "[@256,2691:2693=\"\\n\\t\",<WS>,L56:C34-L57:C1,chl=<H>,pl=\"<None>\"]"
- "[@257,2693:2697=\"proc\",<KwProc>,L57:C1-L57:C5,chl=<D>,pl=\"<None>\"]"
- "[@258,2697:2698=\" \",<WS>,L57:C5-L57:C6,chl=<H>,pl=\"<None>\"]"
- "[@259,2698:2706=\"contents\",<Identifier>,L57:C6-L57:C14,chl=<D>,pl=\"<None>\"]"
- "[@260,2706:2709=\"\\n\\t\\t\",<WS>,L57:C14-L58:C2,chl=<H>,pl=\"<None>\"]"
- "[@261,2709:2713=\"data\",<KwData>,L58:C2-L58:C6,chl=<D>,pl=\"<None>\"]"
- "[@262,2713:2714=\"=\",<ASSIGN>,L58:C6-L58:C7,chl=<D>,pl=\"<None>\"]"
- "[@263,2714:2718=\"&ds.\",<MacroVarExpr>,L58:C7-L58:C11,chl=<D>,pl=\"<None>\"]"
- "[@264,2718:2719=\"(\",<LPAREN>,L58:C11-L58:C12,chl=<D>,pl=\"<None>\"]"
- "[@265,2719:2723=\"drop\",<KwDrop>,L58:C12-L58:C16,chl=<D>,pl=\"<None>\"]"
- "[@266,2723:2724=\"=\",<ASSIGN>,L58:C16-L58:C17,chl=<D>,pl=\"<None>\"]"
- "[@267,2724:2726=\"id\",<KwId>,L58:C17-L58:C19,chl=<D>,pl=\"<None>\"]"
- "[@268,2726:2727=\")\",<RPAREN>,L58:C19-L58:C20,chl=<D>,pl=\"<None>\"]"
- "[@269,2727:2728=\" \",<WS>,L58:C20-L58:C21,chl=<H>,pl=\"<None>\"]"
- "[@270,2728:2771=\"/* do not use id variable in calculation */\",<CStyleComment>,L58:C21-L58:C64,chl=<C>,pl=\"<None>\"]"
- "[@271,2771:2774=\"\\n\\t\\t\",<WS>,L58:C64-L59:C2,chl=<H>,pl=\"<None>\"]"
- "[@272,2774:2777=\"out\",<Identifier>,L59:C2-L59:C5,chl=<D>,pl=\"<None>\"]"
- "[@273,2777:2778=\"=\",<ASSIGN>,L59:C5-L59:C6,chl=<D>,pl=\"<None>\"]"
- "[@274,2778:2783=\"names\",<Identifier>,L59:C6-L59:C11,chl=<D>,pl=\"<None>\"]"
- "[@275,2783:2784=\"(\",<LPAREN>,L59:C11-L59:C12,chl=<D>,pl=\"<None>\"]"
- "[@276,2784:2788=\"keep\",<KwKeep>,L59:C12-L59:C16,chl=<D>,pl=\"<None>\"]"
- "[@277,2788:2789=\"=\",<ASSIGN>,L59:C16-L59:C17,chl=<D>,pl=\"<None>\"]"
- "[@278,2789:2793=\"name\",<Identifier>,L59:C17-L59:C21,chl=<D>,pl=\"<None>\"]"
- "[@279,2793:2794=\")\",<RPAREN>,L59:C21-L59:C22,chl=<D>,pl=\"<None>\"]"
- "[@280,2794:2797=\"\\n\\t\\t\",<WS>,L59:C22-L60:C2,chl=<H>,pl=\"<None>\"]"
- "[@281,2797:2804=\"noprint\",<Identifier>,L60:C2-L60:C9,chl=<D>,pl=\"<None>\"]"
- "[@282,2804:2805=\";\",<SEMI>,L60:C9-L60:C10,chl=<D>,pl=\"<None>\"]"
- "[@283,2805:2807=\"\\n\\t\",<WS>,L60:C10-L61:C1,chl=<H>,pl=\"<None>\"]"
- "[@284,2807:2810=\"run\",<KwRun>,L61:C1-L61:C4,chl=<D>,pl=\"<None>\"]"
- "[@285,2810:2811=\";\",<SEMI>,L61:C4-L61:C5,chl=<D>,pl=\"<None>\"]"
- "[@286,2811:2813=\"\\n\\t\",<WS>,L61:C5-L62:C1,chl=<H>,pl=\"<None>\"]"
- "[@287,2813:2817=\"data\",<KwData>,L62:C1-L62:C5,chl=<D>,pl=\"<None>\"]"
- "[@288,2817:2818=\" \",<WS>,L62:C5-L62:C6,chl=<H>,pl=\"<None>\"]"
- "[@289,2818:2824=\"_null_\",<KwNullDataset>,L62:C6-L62:C12,chl=<D>,pl=\"<None>\"]"
- "[@290,2824:2825=\";\",<SEMI>,L62:C12-L62:C13,chl=<D>,pl=\"<None>\"]"
- "[@291,2825:2828=\"\\n\\t\\t\",<WS>,L62:C13-L63:C2,chl=<H>,pl=\"<None>\"]"
- "[@292,2828:2831=\"set\",<KwSet>,L63:C2-L63:C5,chl=<D>,pl=\"<None>\"]"
- "[@293,2831:2832=\" \",<WS>,L63:C5-L63:C6,chl=<H>,pl=\"<None>\"]"
- "[@294,2832:2837=\"names\",<Identifier>,L63:C6-L63:C11,chl=<D>,pl=\"<None>\"]"
- "[@295,2837:2838=\" \",<WS>,L63:C11-L63:C12,chl=<H>,pl=\"<None>\"]"
- "[@296,2838:2841=\"end\",<KwEnd>,L63:C12-L63:C15,chl=<D>,pl=\"<None>\"]"
- "[@297,2841:2842=\"=\",<ASSIGN>,L63:C15-L63:C16,chl=<D>,pl=\"<None>\"]"
- "[@298,2842:2845=\"eof\",<Identifier>,L63:C16-L63:C19,chl=<D>,pl=\"<None>\"]"
- "[@299,2845:2846=\";\",<SEMI>,L63:C19-L63:C20,chl=<D>,pl=\"<None>\"]"
- "[@300,2846:2849=\"\\n\\t\\t\",<WS>,L63:C20-L64:C2,chl=<H>,pl=\"<None>\"]"
- "[@301,2849:2853=\"call\",<KwCall>,L64:C2-L64:C6,chl=<D>,pl=\"<None>\"]"
- "[@302,2853:2854=\" \",<WS>,L64:C6-L64:C7,chl=<H>,pl=\"<None>\"]"
- "[@303,2854:2860=\"symput\",<Identifier>,L64:C7-L64:C13,chl=<D>,pl=\"<None>\"]"
- "[@304,2860:2861=\"(\",<LPAREN>,L64:C13-L64:C14,chl=<D>,pl=\"<None>\"]"
- "[@305,2861:2867=\"'name'\",<StringLiteral>,L64:C14-L64:C20,chl=<D>,pl=\"<None>\"]"
- "[@306,2867:2869=\"||\",<PIPE2>,L64:C20-L64:C22,chl=<D>,pl=\"<None>\"]"
- "[@307,2869:2874=\"strip\",<Identifier>,L64:C22-L64:C27,chl=<D>,pl=\"<None>\"]"
- "[@308,2874:2875=\"(\",<LPAREN>,L64:C27-L64:C28,chl=<D>,pl=\"<None>\"]"
- "[@309,2875:2878=\"put\",<KwPut>,L64:C28-L64:C31,chl=<D>,pl=\"<None>\"]"
- "[@310,2878:2879=\"(\",<LPAREN>,L64:C31-L64:C32,chl=<D>,pl=\"<None>\"]"
- "[@311,2879:2882=\"_n_\",<Identifier>,L64:C32-L64:C35,chl=<D>,pl=\"<None>\"]"
- "[@312,2882:2883=\",\",<COMMA>,L64:C35-L64:C36,chl=<D>,pl=\"<None>\"]"
- "[@313,2883:2884=\" \",<WS>,L64:C36-L64:C37,chl=<H>,pl=\"<None>\"]"
- "[@314,2884:2888=\"best\",<Identifier>,L64:C37-L64:C41,chl=<D>,pl=\"<None>\"]"
- "[@315,2888:2889=\".\",<DOT>,L64:C41-L64:C42,chl=<D>,pl=\"<None>\"]"
- "[@316,2889:2890=\")\",<RPAREN>,L64:C42-L64:C43,chl=<D>,pl=\"<None>\"]"
- "[@317,2890:2891=\")\",<RPAREN>,L64:C43-L64:C44,chl=<D>,pl=\"<None>\"]"
- "[@318,2891:2892=\",\",<COMMA>,L64:C44-L64:C45,chl=<D>,pl=\"<None>\"]"
- "[@319,2892:2893=\" \",<WS>,L64:C45-L64:C46,chl=<H>,pl=\"<None>\"]"
- "[@320,2893:2897=\"name\",<Identifier>,L64:C46-L64:C50,chl=<D>,pl=\"<None>\"]"
- "[@321,2897:2898=\")\",<RPAREN>,L64:C50-L64:C51,chl=<D>,pl=\"<None>\"]"
- "[@322,2898:2899=\";\",<SEMI>,L64:C51-L64:C52,chl=<D>,pl=\"<None>\"]"
- "[@323,2899:2902=\"\\n\\t\\t\",<WS>,L64:C52-L65:C2,chl=<H>,pl=\"<None>\"]"
- "[@324,2902:2904=\"if\",<KwIf>,L65:C2-L65:C4,chl=<D>,pl=\"<None>\"]"
- "[@325,2904:2905=\" \",<WS>,L65:C4-L65:C5,chl=<H>,pl=\"<None>\"]"
- "[@326,2905:2908=\"eof\",<Identifier>,L65:C5-L65:C8,chl=<D>,pl=\"<None>\"]"
- "[@327,2908:2909=\" \",<WS>,L65:C8-L65:C9,chl=<H>,pl=\"<None>\"]"
- "[@328,2909:2913=\"then\",<KwThen>,L65:C9-L65:C13,chl=<D>,pl=\"<None>\"]"
- "[@329,2913:2914=\" \",<WS>,L65:C13-L65:C14,chl=<H>,pl=\"<None>\"]"
- "[@330,2914:2918=\"call\",<KwCall>,L65:C14-L65:C18,chl=<D>,pl=\"<None>\"]"
- "[@331,2918:2919=\" \",<WS>,L65:C18-L65:C19,chl=<H>,pl=\"<None>\"]"
- "[@332,2919:2925=\"symput\",<Identifier>,L65:C19-L65:C25,chl=<D>,pl=\"<None>\"]"
- "[@333,2925:2926=\"(\",<LPAREN>,L65:C25-L65:C26,chl=<D>,pl=\"<None>\"]"
- "[@334,2926:2935=\"'n_names'\",<StringLiteral>,L65:C26-L65:C35,chl=<D>,pl=\"<None>\"]"
- "[@335,2935:2936=\",\",<COMMA>,L65:C35-L65:C36,chl=<D>,pl=\"<None>\"]"
- "[@336,2936:2937=\" \",<WS>,L65:C36-L65:C37,chl=<H>,pl=\"<None>\"]"
- "[@337,2937:2942=\"strip\",<Identifier>,L65:C37-L65:C42,chl=<D>,pl=\"<None>\"]"
- "[@338,2942:2943=\"(\",<LPAREN>,L65:C42-L65:C43,chl=<D>,pl=\"<None>\"]"
- "[@339,2943:2946=\"put\",<KwPut>,L65:C43-L65:C46,chl=<D>,pl=\"<None>\"]"
- "[@340,2946:2947=\"(\",<LPAREN>,L65:C46-L65:C47,chl=<D>,pl=\"<None>\"]"
- "[@341,2947:2950=\"_n_\",<Identifier>,L65:C47-L65:C50,chl=<D>,pl=\"<None>\"]"
- "[@342,2950:2951=\",\",<COMMA>,L65:C50-L65:C51,chl=<D>,pl=\"<None>\"]"
- "[@343,2951:2952=\" \",<WS>,L65:C51-L65:C52,chl=<H>,pl=\"<None>\"]"
- "[@344,2952:2956=\"best\",<Identifier>,L65:C52-L65:C56,chl=<D>,pl=\"<None>\"]"
- "[@345,2956:2957=\".\",<DOT>,L65:C56-L65:C57,chl=<D>,pl=\"<None>\"]"
- "[@346,2957:2958=\")\",<RPAREN>,L65:C57-L65:C58,chl=<D>,pl=\"<None>\"]"
- "[@347,2958:2959=\")\",<RPAREN>,L65:C58-L65:C59,chl=<D>,pl=\"<None>\"]"
- "[@348,2959:2960=\")\",<RPAREN>,L65:C59-L65:C60,chl=<D>,pl=\"<None>\"]"
- "[@349,2960:2961=\";\",<SEMI>,L65:C60-L65:C61,chl=<D>,pl=\"<None>\"]"
- "[@350,2961:2963=\"\\n\\t\",<WS>,L65:C61-L66:C1,chl=<H>,pl=\"<None>\"]"
- "[@351,2963:2966=\"run\",<KwRun>,L66:C1-L66:C4,chl=<D>,pl=\"<None>\"]"
- "[@352,2966:2967=\";\",<SEMI>,L66:C4-L66:C5,chl=<D>,pl=\"<None>\"]"
- "[@353,2967:2970=\"\\n\\n\\t\",<WS>,L66:C5-L68:C1,chl=<H>,pl=\"<None>\"]"
- "[@354,2970:3015=\"* generate random row vectors for PROC SCORE;\",<PredictedCommentStat>,L68:C1-L68:C46,chl=<C>,pl=\"<None>\"]"
- "[@355,3015:3017=\"\\n\\t\",<WS>,L68:C46-L69:C1,chl=<H>,pl=\"<None>\"]"
- "[@356,3017:3021=\"data\",<KwData>,L69:C1-L69:C5,chl=<D>,pl=\"<None>\"]"
- "[@357,3021:3022=\" \",<WS>,L69:C5-L69:C6,chl=<H>,pl=\"<None>\"]"
- "[@358,3022:3026=\"&out\",<MacroVarExpr>,L69:C6-L69:C10,chl=<D>,pl=\"<None>\"]"
- "[@359,3026:3027=\";\",<SEMI>,L69:C10-L69:C11,chl=<D>,pl=\"<None>\"]"
- "[@360,3027:3030=\"\\n\\t\\t\",<WS>,L69:C11-L70:C2,chl=<H>,pl=\"<None>\"]"
- "[@361,3030:3034=\"call\",<KwCall>,L70:C2-L70:C6,chl=<D>,pl=\"<None>\"]"
- "[@362,3034:3035=\" \",<WS>,L70:C6-L70:C7,chl=<H>,pl=\"<None>\"]"
- "[@363,3035:3045=\"streaminit\",<Identifier>,L70:C7-L70:C17,chl=<D>,pl=\"<None>\"]"
- "[@364,3045:3046=\"(\",<LPAREN>,L70:C17-L70:C18,chl=<D>,pl=\"<None>\"]"
- "[@365,3046:3051=\"&seed\",<MacroVarExpr>,L70:C18-L70:C23,chl=<D>,pl=\"<None>\"]"
- "[@366,3051:3052=\")\",<RPAREN>,L70:C23-L70:C24,chl=<D>,pl=\"<None>\"]"
- "[@367,3052:3053=\";\",<SEMI>,L70:C24-L70:C25,chl=<D>,pl=\"<None>\"]"
- "[@368,3053:3056=\"\\n\\t\\t\",<WS>,L70:C25-L71:C2,chl=<H>,pl=\"<None>\"]"
- "[@369,3056:3058=\"do\",<KwDo>,L71:C2-L71:C4,chl=<D>,pl=\"<None>\"]"
- "[@370,3058:3059=\" \",<WS>,L71:C4-L71:C5,chl=<H>,pl=\"<None>\"]"
- "[@371,3059:3060=\"i\",<Identifier>,L71:C5-L71:C6,chl=<D>,pl=\"<None>\"]"
- "[@372,3060:3061=\"=\",<ASSIGN>,L71:C6-L71:C7,chl=<D>,pl=\"<None>\"]"
- "[@373,3061:3062=\"1\",<IntegerLiteral>,L71:C7-L71:C8,chl=<D>,pl=\"1\"]"
- "[@374,3062:3063=\" \",<WS>,L71:C8-L71:C9,chl=<H>,pl=\"<None>\"]"
- "[@375,3063:3065=\"to\",<KwTo>,L71:C9-L71:C11,chl=<D>,pl=\"<None>\"]"
- "[@376,3065:3066=\" \",<WS>,L71:C11-L71:C12,chl=<H>,pl=\"<None>\"]"
- "[@377,3066:3068=\"&k\",<MacroVarExpr>,L71:C12-L71:C14,chl=<D>,pl=\"<None>\"]"
- "[@378,3068:3069=\";\",<SEMI>,L71:C14-L71:C15,chl=<D>,pl=\"<None>\"]"
- "[@379,3069:3073=\"\\n\\t\\t\\t\",<WS>,L71:C15-L72:C3,chl=<H>,pl=\"<None>\"]"
- "[@380,3073:3079=\"_TYPE_\",<Identifier>,L72:C3-L72:C9,chl=<D>,pl=\"<None>\"]"
- "[@381,3079:3080=\"=\",<ASSIGN>,L72:C9-L72:C10,chl=<D>,pl=\"<None>\"]"
- "[@382,3080:3087=\"'SCORE'\",<StringLiteral>,L72:C10-L72:C17,chl=<D>,pl=\"<None>\"]"
- "[@383,3087:3088=\";\",<SEMI>,L72:C17-L72:C18,chl=<D>,pl=\"<None>\"]"
- "[@384,3088:3092=\"\\n\\t\\t\\t\",<WS>,L72:C18-L73:C3,chl=<H>,pl=\"<None>\"]"
- "[@385,3092:3098=\"_NAME_\",<Identifier>,L73:C3-L73:C9,chl=<D>,pl=\"<None>\"]"
- "[@386,3098:3099=\"=\",<ASSIGN>,L73:C9-L73:C10,chl=<D>,pl=\"<None>\"]"
- "[@387,3099:3107=\"compress\",<Identifier>,L73:C10-L73:C18,chl=<D>,pl=\"<None>\"]"
- "[@388,3107:3108=\"(\",<LPAREN>,L73:C18-L73:C19,chl=<D>,pl=\"<None>\"]"
- "[@389,3108:3124=\"'random_feature'\",<StringLiteral>,L73:C19-L73:C35,chl=<D>,pl=\"<None>\"]"
- "[@390,3124:3126=\"||\",<PIPE2>,L73:C35-L73:C37,chl=<D>,pl=\"<None>\"]"
- "[@391,3126:3131=\"strip\",<Identifier>,L73:C37-L73:C42,chl=<D>,pl=\"<None>\"]"
- "[@392,3131:3132=\"(\",<LPAREN>,L73:C42-L73:C43,chl=<D>,pl=\"<None>\"]"
- "[@393,3132:3135=\"put\",<KwPut>,L73:C43-L73:C46,chl=<D>,pl=\"<None>\"]"
- "[@394,3135:3136=\"(\",<LPAREN>,L73:C46-L73:C47,chl=<D>,pl=\"<None>\"]"
- "[@395,3136:3137=\"i\",<Identifier>,L73:C47-L73:C48,chl=<D>,pl=\"<None>\"]"
- "[@396,3137:3138=\",\",<COMMA>,L73:C48-L73:C49,chl=<D>,pl=\"<None>\"]"
- "[@397,3138:3139=\" \",<WS>,L73:C49-L73:C50,chl=<H>,pl=\"<None>\"]"
- "[@398,3139:3143=\"best\",<Identifier>,L73:C50-L73:C54,chl=<D>,pl=\"<None>\"]"
- "[@399,3143:3144=\".\",<DOT>,L73:C54-L73:C55,chl=<D>,pl=\"<None>\"]"
- "[@400,3144:3145=\")\",<RPAREN>,L73:C55-L73:C56,chl=<D>,pl=\"<None>\"]"
- "[@401,3145:3146=\")\",<RPAREN>,L73:C56-L73:C57,chl=<D>,pl=\"<None>\"]"
- "[@402,3146:3147=\")\",<RPAREN>,L73:C57-L73:C58,chl=<D>,pl=\"<None>\"]"
- "[@403,3147:3148=\";\",<SEMI>,L73:C58-L73:C59,chl=<D>,pl=\"<None>\"]"
- "[@404,3148:3152=\"\\n\\t\\t\\t\",<WS>,L73:C59-L74:C3,chl=<H>,pl=\"<None>\"]"
- "[@405,3152:3155=\"%do\",<KwmDo>,L74:C3-L74:C6,chl=<D>,pl=\"<None>\"]"
- "[@406,3155:3156=\" \",<WS>,L74:C6-L74:C7,chl=<H>,pl=\"<None>\"]"
- "[@407,3156:3157=\"j\",<MacroString>,L74:C7-L74:C8,chl=<D>,pl=\"<None>\"]"
- "[@408,3157:3158=\"=\",<ASSIGN>,L74:C8-L74:C9,chl=<D>,pl=\"<None>\"]"
- "[@409,3158:3159=\"1\",<IntegerLiteral>,L74:C9-L74:C10,chl=<D>,pl=\"1\"]"
- "[@410,3159:3160=\" \",<WS>,L74:C10-L74:C11,chl=<H>,pl=\"<None>\"]"
- "[@411,3160:3163=\"%to\",<KwmTo>,L74:C11-L74:C14,chl=<D>,pl=\"<None>\"]"
- "[@412,3163:3164=\" \",<WS>,L74:C14-L74:C15,chl=<H>,pl=\"<None>\"]"
- "[@413,3164:3172=\"&n_names\",<MacroVarExpr>,L74:C15-L74:C23,chl=<D>,pl=\"<None>\"]"
- "[@414,3172:3173=\";\",<SEMI>,L74:C23-L74:C24,chl=<D>,pl=\"<None>\"]"
- "[@415,3173:3178=\"\\n\\t\\t\\t\\t\",<WS>,L74:C24-L75:C4,chl=<H>,pl=\"<None>\"]"
- "[@416,3178:3186=\"&&name&j\",<MacroVarExpr>,L75:C4-L75:C12,chl=<D>,pl=\"<None>\"]"
- "[@417,3186:3187=\" \",<WS>,L75:C12-L75:C13,chl=<H>,pl=\"<None>\"]"
- "[@418,3187:3188=\"=\",<ASSIGN>,L75:C13-L75:C14,chl=<D>,pl=\"<None>\"]"
- "[@419,3188:3189=\" \",<WS>,L75:C14-L75:C15,chl=<H>,pl=\"<None>\"]"
- "[@420,3189:3190=\"2\",<IntegerLiteral>,L75:C15-L75:C16,chl=<D>,pl=\"2\"]"
- "[@421,3190:3191=\"*\",<STAR>,L75:C16-L75:C17,chl=<D>,pl=\"<None>\"]"
- "[@422,3191:3195=\"rand\",<Identifier>,L75:C17-L75:C21,chl=<D>,pl=\"<None>\"]"
- "[@423,3195:3196=\"(\",<LPAREN>,L75:C21-L75:C22,chl=<D>,pl=\"<None>\"]"
- "[@424,3196:3204=\"'NORMAL'\",<StringLiteral>,L75:C22-L75:C30,chl=<D>,pl=\"<None>\"]"
- "[@425,3204:3205=\")\",<RPAREN>,L75:C30-L75:C31,chl=<D>,pl=\"<None>\"]"
- "[@426,3205:3206=\"-\",<MINUS>,L75:C31-L75:C32,chl=<D>,pl=\"<None>\"]"
- "[@427,3206:3207=\"1\",<IntegerLiteral>,L75:C32-L75:C33,chl=<D>,pl=\"1\"]"
- "[@428,3207:3208=\";\",<SEMI>,L75:C33-L75:C34,chl=<D>,pl=\"<None>\"]"
- "[@429,3208:3212=\"\\n\\t\\t\\t\",<WS>,L75:C34-L76:C3,chl=<H>,pl=\"<None>\"]"
- "[@430,3212:3216=\"%end\",<KwmEnd>,L76:C3-L76:C7,chl=<D>,pl=\"<None>\"]"
- "[@431,3216:3217=\";\",<SEMI>,L76:C7-L76:C8,chl=<D>,pl=\"<None>\"]"
- "[@432,3217:3222=\"\\n \\t\\t\\t\",<WS>,L76:C8-L77:C4,chl=<H>,pl=\"<None>\"]"
- "[@433,3222:3228=\"output\",<KwOutput>,L77:C4-L77:C10,chl=<D>,pl=\"<None>\"]"
- "[@434,3228:3229=\";\",<SEMI>,L77:C10-L77:C11,chl=<D>,pl=\"<None>\"]"
- "[@435,3229:3232=\"\\n\\t\\t\",<WS>,L77:C11-L78:C2,chl=<H>,pl=\"<None>\"]"
- "[@436,3232:3235=\"end\",<KwEnd>,L78:C2-L78:C5,chl=<D>,pl=\"<None>\"]"
- "[@437,3235:3236=\";\",<SEMI>,L78:C5-L78:C6,chl=<D>,pl=\"<None>\"]"
- "[@438,3236:3239=\"\\n\\t\\t\",<WS>,L78:C6-L79:C2,chl=<H>,pl=\"<None>\"]"
- "[@439,3239:3243=\"drop\",<KwDrop>,L79:C2-L79:C6,chl=<D>,pl=\"<None>\"]"
- "[@440,3243:3244=\" \",<WS>,L79:C6-L79:C7,chl=<H>,pl=\"<None>\"]"
- "[@441,3244:3245=\"i\",<Identifier>,L79:C7-L79:C8,chl=<D>,pl=\"<None>\"]"
- "[@442,3245:3246=\";\",<SEMI>,L79:C8-L79:C9,chl=<D>,pl=\"<None>\"]"
- "[@443,3246:3248=\"\\n\\t\",<WS>,L79:C9-L80:C1,chl=<H>,pl=\"<None>\"]"
- "[@444,3248:3251=\"run\",<KwRun>,L80:C1-L80:C4,chl=<D>,pl=\"<None>\"]"
- "[@445,3251:3252=\";\",<SEMI>,L80:C4-L80:C5,chl=<D>,pl=\"<None>\"]"
- "[@446,3252:3254=\"\\n\\n\",<WS>,L80:C5-L81:C1,chl=<H>,pl=\"<None>\"]"
- "[@447,3254:3259=\"%mend\",<KwmMend>,L82:C0-L82:C5,chl=<D>,pl=\"<None>\"]"
- "[@448,3259:3260=\";\",<SEMI>,L82:C5-L82:C6,chl=<D>,pl=\"<None>\"]"
- "[@449,3260:3261=\"\\n\",<WS>,L82:C6-L82:C7,chl=<H>,pl=\"<None>\"]"
- "[@450,3261:3283=\"%create_random_vectors\",<MacroIdentifier>,L83:C0-L83:C22,chl=<D>,pl=\"<None>\"]"
- "[@451,3283:3284=\"(\",<LPAREN>,L83:C22-L83:C23,chl=<D>,pl=\"<None>\"]"
- "[@452,3284:3303=\"l.original_features\",<MacroString>,L83:C23-L83:C42,chl=<D>,pl=\"<None>\"]"
- "[@453,3303:3304=\",\",<COMMA>,L83:C42-L83:C43,chl=<D>,pl=\"<None>\"]"
- "[@454,3304:3305=\" \",<WS>,L83:C43-L83:C44,chl=<H>,pl=\"<None>\"]"
- "[@455,3305:3316=\"&n_features\",<MacroVarExpr>,L83:C44-L83:C55,chl=<D>,pl=\"<None>\"]"
- "[@456,3316:3317=\")\",<RPAREN>,L83:C55-L83:C56,chl=<D>,pl=\"<None>\"]"
- "[@457,3317:3318=\";\",<SEMI>,L83:C56-L83:C57,chl=<D>,pl=\"<None>\"]"
- "[@458,3318:3320=\"\\n\\n\",<WS>,L83:C57-L84:C1,chl=<H>,pl=\"<None>\"]"
- "[@459,3320:3381=\"* project data onto generated random vectors with PROC SCORE;\",<PredictedCommentStat>,L85:C0-L85:C61,chl=<C>,pl=\"<None>\"]"
- "[@460,3381:3382=\"\\n\",<WS>,L85:C61-L85:C62,chl=<H>,pl=\"<None>\"]"
- "[@461,3382:3459=\"* executes original_features*transpose(generated_random_vectors) dot product;\",<PredictedCommentStat>,L86:C0-L86:C77,chl=<C>,pl=\"<None>\"]"
- "[@462,3459:3460=\"\\n\",<WS>,L86:C77-L86:C78,chl=<H>,pl=\"<None>\"]"
- "[@463,3460:3464=\"proc\",<KwProc>,L87:C0-L87:C4,chl=<D>,pl=\"<None>\"]"
- "[@464,3464:3465=\" \",<WS>,L87:C4-L87:C5,chl=<H>,pl=\"<None>\"]"
- "[@465,3465:3470=\"score\",<Identifier>,L87:C5-L87:C10,chl=<D>,pl=\"<None>\"]"
- "[@466,3470:3472=\"\\n\\t\",<WS>,L87:C10-L88:C1,chl=<H>,pl=\"<None>\"]"
- "[@467,3472:3476=\"data\",<KwData>,L88:C1-L88:C5,chl=<D>,pl=\"<None>\"]"
- "[@468,3476:3477=\"=\",<ASSIGN>,L88:C5-L88:C6,chl=<D>,pl=\"<None>\"]"
- "[@469,3477:3478=\"l\",<Identifier>,L88:C6-L88:C7,chl=<D>,pl=\"<None>\"]"
- "[@470,3478:3479=\".\",<DOT>,L88:C7-L88:C8,chl=<D>,pl=\"<None>\"]"
- "[@471,3479:3496=\"original_features\",<Identifier>,L88:C8-L88:C25,chl=<D>,pl=\"<None>\"]"
- "[@472,3496:3498=\"\\n\\t\",<WS>,L88:C25-L89:C1,chl=<H>,pl=\"<None>\"]"
- "[@473,3498:3502=\"type\",<Identifier>,L89:C1-L89:C5,chl=<D>,pl=\"<None>\"]"
- "[@474,3502:3503=\"=\",<ASSIGN>,L89:C5-L89:C6,chl=<D>,pl=\"<None>\"]"
- "[@475,3503:3510=\"'SCORE'\",<StringLiteral>,L89:C6-L89:C13,chl=<D>,pl=\"<None>\"]"
- "[@476,3510:3511=\" \",<WS>,L89:C13-L89:C14,chl=<H>,pl=\"<None>\"]"
- "[@477,3511:3552=\"/* requests dot product multiplication */\",<CStyleComment>,L89:C14-L89:C55,chl=<C>,pl=\"<None>\"]"
- "[@478,3552:3554=\"\\n\\t\",<WS>,L89:C55-L90:C1,chl=<H>,pl=\"<None>\"]"
- "[@479,3554:3559=\"score\",<Identifier>,L90:C1-L90:C6,chl=<D>,pl=\"<None>\"]"
- "[@480,3559:3560=\"=\",<ASSIGN>,L90:C6-L90:C7,chl=<D>,pl=\"<None>\"]"
- "[@481,3560:3584=\"random_generated_vectors\",<Identifier>,L90:C7-L90:C31,chl=<D>,pl=\"<None>\"]"
- "[@482,3584:3586=\"\\n\\t\",<WS>,L90:C31-L91:C1,chl=<H>,pl=\"<None>\"]"
- "[@483,3586:3589=\"out\",<Identifier>,L91:C1-L91:C4,chl=<D>,pl=\"<None>\"]"
- "[@484,3589:3590=\"=\",<ASSIGN>,L91:C4-L91:C5,chl=<D>,pl=\"<None>\"]"
- "[@485,3590:3605=\"random_features\",<Identifier>,L91:C5-L91:C20,chl=<D>,pl=\"<None>\"]"
- "[@486,3605:3606=\"(\",<LPAREN>,L91:C20-L91:C21,chl=<D>,pl=\"<None>\"]"
- "[@487,3606:3610=\"keep\",<KwKeep>,L91:C21-L91:C25,chl=<D>,pl=\"<None>\"]"
- "[@488,3610:3611=\"=\",<ASSIGN>,L91:C25-L91:C26,chl=<D>,pl=\"<None>\"]"
- "[@489,3611:3625=\"random_feature\",<Identifier>,L91:C26-L91:C40,chl=<D>,pl=\"<None>\"]"
- "[@490,3625:3626=\":\",<COLON>,L91:C40-L91:C41,chl=<D>,pl=\"<None>\"]"
- "[@491,3626:3627=\")\",<RPAREN>,L91:C41-L91:C42,chl=<D>,pl=\"<None>\"]"
- "[@492,3627:3629=\"\\n\\t\",<WS>,L91:C42-L92:C1,chl=<H>,pl=\"<None>\"]"
- "[@493,3629:3634=\"nostd\",<Identifier>,L92:C1-L92:C6,chl=<D>,pl=\"<None>\"]"
- "[@494,3634:3635=\";\",<SEMI>,L92:C6-L92:C7,chl=<D>,pl=\"<None>\"]"
- "[@495,3635:3637=\"\\n\\t\",<WS>,L92:C7-L93:C1,chl=<H>,pl=\"<None>\"]"
- "[@496,3637:3640=\"var\",<KwVar>,L93:C1-L93:C4,chl=<D>,pl=\"<None>\"]"
- "[@497,3640:3641=\" \",<WS>,L93:C4-L93:C5,chl=<H>,pl=\"<None>\"]"
- "[@498,3641:3644=\"BE_\",<Identifier>,L93:C5-L93:C8,chl=<D>,pl=\"<None>\"]"
- "[@499,3644:3645=\":\",<COLON>,L93:C8-L93:C9,chl=<D>,pl=\"<None>\"]"
- "[@500,3645:3646=\" \",<WS>,L93:C9-L93:C10,chl=<H>,pl=\"<None>\"]"
- "[@501,3646:3650=\"STD_\",<Identifier>,L93:C10-L93:C14,chl=<D>,pl=\"<None>\"]"
- "[@502,3650:3651=\":\",<COLON>,L93:C14-L93:C15,chl=<D>,pl=\"<None>\"]"
- "[@503,3651:3652=\";\",<SEMI>,L93:C15-L93:C16,chl=<D>,pl=\"<None>\"]"
- "[@504,3652:3653=\" \",<WS>,L93:C16-L93:C17,chl=<H>,pl=\"<None>\"]"
- "[@505,3653:3696=\"/* do not use id variable in calculation */\",<CStyleComment>,L93:C17-L93:C60,chl=<C>,pl=\"<None>\"]"
- "[@506,3696:3698=\"\\n\\t\",<WS>,L93:C60-L94:C1,chl=<H>,pl=\"<None>\"]"
- "[@507,3698:3700=\"id\",<KwId>,L94:C1-L94:C3,chl=<D>,pl=\"<None>\"]"
- "[@508,3700:3701=\" \",<WS>,L94:C3-L94:C4,chl=<H>,pl=\"<None>\"]"
- "[@509,3701:3703=\"id\",<KwId>,L94:C4-L94:C6,chl=<D>,pl=\"<None>\"]"
- "[@510,3703:3704=\";\",<SEMI>,L94:C6-L94:C7,chl=<D>,pl=\"<None>\"]"
- "[@511,3704:3705=\"\\n\",<WS>,L94:C7-L94:C8,chl=<H>,pl=\"<None>\"]"
- "[@512,3705:3708=\"run\",<KwRun>,L95:C0-L95:C3,chl=<D>,pl=\"<None>\"]"
- "[@513,3708:3709=\";\",<SEMI>,L95:C3-L95:C4,chl=<D>,pl=\"<None>\"]"
- "[@514,3709:3710=\"\\n\",<WS>,L95:C4-L95:C5,chl=<H>,pl=\"<None>\"]"
- "[@515,3710:3710=\"<no text>\",<EOF>,L96:C0-L96:C0,chl=<D>,pl=\"<None>\"]"
