---
source: crates/sas_lexer/src/lexer/tests/test_sample_files.rs
expression: tokens
---
- "[@0,0:7=\"%window\",<KwmWindow>,L1:C0-L1:C7,chl=<D>,pl=<None>]"
- "[@1,7:8=\" \",<WS>,L1:C7-L1:C8,chl=<H>,pl=<None>]"
- "[@2,8:15=\"welcome\",<MacroString>,L1:C8-L1:C15,chl=<D>,pl=<None>]"
- "[@3,15:16=\" \",<WS>,L1:C15-L1:C16,chl=<H>,pl=<None>]"
- "[@4,16:21=\"color\",<MacroString>,L1:C16-L1:C21,chl=<D>,pl=<None>]"
- "[@5,21:22=\"=\",<ASSIGN>,L1:C21-L1:C22,chl=<D>,pl=<None>]"
- "[@6,22:27=\"white\",<MacroString>,L1:C22-L1:C27,chl=<D>,pl=<None>]"
- "[@7,27:39=\"\n           \",<WS>,L1:C27-L2:C11,chl=<H>,pl=<None>]"
- "[@8,39:41=\"#5\",<MacroString>,L2:C11-L2:C13,chl=<D>,pl=<None>]"
- "[@9,41:42=\" \",<WS>,L2:C13-L2:C14,chl=<H>,pl=<None>]"
- "[@10,42:45=\"@28\",<MacroString>,L2:C14-L2:C17,chl=<D>,pl=<None>]"
- "[@11,45:46=\" \",<WS>,L2:C17-L2:C18,chl=<H>,pl=<None>]"
- "[@12,46:63=\"'Welcome to SAS.'\",<StringLiteral>,L2:C18-L2:C35,chl=<D>,pl=<None>]"
- "[@13,63:64=\" \",<WS>,L2:C35-L2:C36,chl=<H>,pl=<None>]"
- "[@14,64:68=\"attr\",<MacroString>,L2:C36-L2:C40,chl=<D>,pl=<None>]"
- "[@15,68:69=\"=\",<ASSIGN>,L2:C40-L2:C41,chl=<D>,pl=<None>]"
- "[@16,69:78=\"highlight\",<MacroString>,L2:C41-L2:C50,chl=<D>,pl=<None>]"
- "[@17,78:93=\"\n              \",<WS>,L2:C50-L3:C14,chl=<H>,pl=<None>]"
- "[@18,93:98=\"color\",<MacroString>,L3:C14-L3:C19,chl=<D>,pl=<None>]"
- "[@19,98:99=\"=\",<ASSIGN>,L3:C19-L3:C20,chl=<D>,pl=<None>]"
- "[@20,99:103=\"blue\",<MacroString>,L3:C20-L3:C24,chl=<D>,pl=<None>]"
- "[@21,103:115=\"\n           \",<WS>,L3:C24-L4:C11,chl=<H>,pl=<None>]"
- "[@22,115:117=\"#7\",<MacroString>,L4:C11-L4:C13,chl=<D>,pl=<None>]"
- "[@23,117:118=\" \",<WS>,L4:C13-L4:C14,chl=<H>,pl=<None>]"
- "[@24,118:121=\"@15\",<MacroString>,L4:C14-L4:C17,chl=<D>,pl=<None>]"
- "[@25,121:136=\"\n              \",<WS>,L4:C17-L5:C14,chl=<H>,pl=<None>]"
- "[@26,136:137=\"\"\",<StringExprStart>,L5:C14-L5:C15,chl=<D>,pl=<None>]"
- "[@27,137:163=\"You are executing Release \",<StringExprText>,L5:C15-L5:C41,chl=<D>,pl=<None>]"
- "[@28,163:170=\"&sysver\",<MacroVarExpr>,L5:C41-L5:C48,chl=<D>,pl=<None>]"
- "[@29,170:174=\" on \",<StringExprText>,L5:C48-L5:C52,chl=<D>,pl=<None>]"
- "[@30,174:181=\"&sysday\",<MacroVarExpr>,L5:C52-L5:C59,chl=<D>,pl=<None>]"
- "[@31,181:183=\", \",<StringExprText>,L5:C59-L5:C61,chl=<D>,pl=<None>]"
- "[@32,183:192=\"&sysdate.\",<MacroVarExpr>,L5:C61-L5:C70,chl=<D>,pl=<None>]"
- "[@33,192:193=\".\",<StringExprText>,L5:C70-L5:C71,chl=<D>,pl=<None>]"
- "[@34,193:194=\"\"\",<StringExprEnd>,L5:C71-L5:C72,chl=<D>,pl=<None>]"
- "[@35,194:206=\"\n           \",<WS>,L5:C72-L6:C11,chl=<H>,pl=<None>]"
- "[@36,206:209=\"#12\",<MacroString>,L6:C11-L6:C14,chl=<D>,pl=<None>]"
- "[@37,209:210=\" \",<WS>,L6:C14-L6:C15,chl=<H>,pl=<None>]"
- "[@38,210:213=\"@29\",<MacroString>,L6:C15-L6:C18,chl=<D>,pl=<None>]"
- "[@39,213:214=\" \",<WS>,L6:C18-L6:C19,chl=<H>,pl=<None>]"
- "[@40,214:240=\"'Press ENTER to continue.'\",<StringLiteral>,L6:C19-L6:C45,chl=<D>,pl=<None>]"
- "[@41,240:241=\";\",<SEMI>,L6:C45-L6:C46,chl=<D>,pl=<None>]"
- "[@42,241:241=\"<no text>\",<EOF>,L6:C46-L6:C46,chl=<D>,pl=<None>]"
